// Jest Snapshot v1, https://goo.gl/fbAQLP

exports[`renders correctly 1`] = `
<button
  className="filter__button"
  onClick={[Function]}
  type="button"
>
  favourite
</button>
`;
